Environment variables with visibility "Plain text" and "Sensitive" loaded from the "production" environment on EAS: SENTRY_ORG, SENTRY_PROJECT.

- Exporting...
[expo-cli] Using src/app as the root directory for Expo Router.
[expo-cli] React Compiler enabled
[expo-cli] Expo Autolinking module resolution enabled
[expo-cli] Starting Metro Bundler
[expo-cli] warning: Bundler cache is empty, rebuilding (this may take a minute)
[expo-cli] Android Bundled 109531ms apps\mobile\index.js (3131 modules)
[expo-cli] Creating asset map
[expo-cli] 
[expo-cli] › Assets (30):
[expo-cli] ..\..\node_modules\@expo-google-fonts\manrope\700Bold\Manrope_700Bold.ttf (97KB)
[expo-cli] ..\..\node_modules\@expo-google-fonts\manrope\800ExtraBold\Manrope_800ExtraBold.ttf (98KB)
[expo-cli] ..\..\node_modules\@expo-google-fonts\material-symbols\400Regular\MaterialSymbols_400Regular.ttf (963KB)
[expo-cli] ..\..\node_modules\@expo\vector-icons\build\vendor\react-native-vector-icons\Fonts\Ionicons.ttf (390KB)
[expo-cli] ..\..\node_modules\expo-router\assets\arrow_down.png (9.5KB)
[expo-cli] ..\..\node_modules\expo-router\assets\arrow_right.xml (307B)
[expo-cli] ..\..\node_modules\expo-router\assets\checkmark.xml (312B)
[expo-cli] ..\..\node_modules\expo-router\assets\error.png (469B)
[expo-cli] ..\..\node_modules\expo-router\assets\file.png (138B)
[expo-cli] ..\..\node_modules\expo-router\assets\forward.png (188B)
[expo-cli] ..\..\node_modules\expo-router\assets\pkg.png (364B)
[expo-cli] ..\..\node_modules\expo-router\assets\react-navigation\elements\back-icon-mask.png (653B)
[expo-cli] ..\..\node_modules\expo-router\assets\react-navigation\elements\back-icon.png (4 variations | 152B)
[expo-cli] ..\..\node_modules\expo-router\assets\react-navigation\elements\clear-icon.png (4 variations | 425B)
[expo-cli] ..\..\node_modules\expo-router\assets\react-navigation\elements\close-icon.png (4 variations | 235B)
[expo-cli] ..\..\node_modules\expo-router\assets\react-navigation\elements\search-icon.png (4 variations | 599B)
[expo-cli] ..\..\node_modules\expo-router\assets\sitemap.png (465B)
[expo-cli] ..\..\node_modules\expo-router\assets\unmatched.png (4.8KB)
[expo-cli] 
[expo-cli] › android bundles (2):
[expo-cli] _expo/static/js/android/index-e9217f70c45ce8cdd29fb975c3337556.hbc (11MB)
[expo-cli] _expo/static/js/android/index-e9217f70c45ce8cdd29fb975c3337556.hbc.map (21MB)
[expo-cli] › Files (2):
[expo-cli] assetmap.json (11KB)
[expo-cli] metadata.json (2.1KB)
[expo-cli] 
[expo-cli] Exported: dist
✔ Exported bundle(s)
- Uploading...
- Uploading assetmap.json (0 / 10.3 KB)
✔ Uploaded assetmap.json 
√ Uploaded 1 app bundle
√ Uploading assets skipped - no new assets found
i 31 Android assets (maximum: 2000 total per update). Learn more about asset limits: https://expo.fyi/eas-update-asset-limits
- Computing project fingerprints
✔ Computed project fingerprints
- Publishing...
✔ Published!
Branch             production
Runtime version    ae526937893adb7f7349321b05caf2732da9658b
Platform           android
Update group ID    4a76f432-33d6-416d-84db-0bba01575acc
Android update ID  01a03627-f57b-710c-b6c7-8a32a9b10f17
Message            Settings: 17 sections to 13, Android watch header fix
Commit             8e8ccf87698300d5036941e3024f894a17af76a3*
EAS Dashboard      https://expo.dev/accounts/gabandres/projects/macro-log/updates/4a76f432-33d6-416d-84db-0bba01575acc

