Environment variables with visibility "Plain text" and "Sensitive" loaded from the "production" environment on EAS: SENTRY_ORG, SENTRY_PROJECT.

- Exporting...
[expo-cli] Using src/app as the root directory for Expo Router.
[expo-cli] React Compiler enabled
[expo-cli] Expo Autolinking module resolution enabled
[expo-cli] Starting Metro Bundler
[expo-cli] warning: Bundler cache is empty, rebuilding (this may take a minute)
[expo-cli] Android Bundled 96615ms apps\mobile\index.js (3151 modules)
[expo-cli] Creating asset map
[expo-cli] 
[expo-cli] › Assets (30):
[expo-cli] ..\..\node_modules\@expo-google-fonts\manrope\700Bold\Manrope_700Bold.ttf (97KB)
[expo-cli] ..\..\node_modules\@expo-google-fonts\manrope\800ExtraBold\Manrope_800ExtraBold.ttf (98KB)
[expo-cli] ..\..\node_modules\@expo-google-fonts\material-symbols\400Regular\MaterialSymbols_400Regular.ttf (963KB)
[expo-cli] ..\..\node_modules\@expo\vector-icons\build\vendor\react-native-vector-icons\Fonts\Ionicons.ttf (390KB)
[expo-cli] ..\..\node_modules\expo-router\assets\arrow_down.png (9.5KB)
[expo-cli] ..\..\node_modules\expo-router\assets\arrow_right.xml (307B)
[expo-cli] ..\..\node_modules\expo-router\assets\checkmark.xml (312B)
[expo-cli] ..\..\node_modules\expo-router\assets\error.png (469B)
[expo-cli] ..\..\node_modules\expo-router\assets\file.png (138B)
[expo-cli] ..\..\node_modules\expo-router\assets\forward.png (188B)
[expo-cli] ..\..\node_modules\expo-router\assets\pkg.png (364B)
[expo-cli] ..\..\node_modules\expo-router\assets\react-navigation\elements\back-icon-mask.png (653B)
[expo-cli] ..\..\node_modules\expo-router\assets\react-navigation\elements\back-icon.png (4 variations | 152B)
[expo-cli] ..\..\node_modules\expo-router\assets\react-navigation\elements\clear-icon.png (4 variations | 425B)
[expo-cli] ..\..\node_modules\expo-router\assets\react-navigation\elements\close-icon.png (4 variations | 235B)
[expo-cli] ..\..\node_modules\expo-router\assets\react-navigation\elements\search-icon.png (4 variations | 599B)
[expo-cli] ..\..\node_modules\expo-router\assets\sitemap.png (465B)
[expo-cli] ..\..\node_modules\expo-router\assets\unmatched.png (4.8KB)
[expo-cli] › android bundles (2):
[expo-cli] _expo/static/js/android/index-e091401765226fa499b97f009d39fa24.hbc (11MB)
[expo-cli] _expo/static/js/android/index-e091401765226fa499b97f009d39fa24.hbc.map (22MB)
[expo-cli] › Files (2):
[expo-cli] assetmap.json (11KB)
[expo-cli] metadata.json (2.1KB)
[expo-cli] 
[expo-cli] Exported: dist
✔ Exported bundle(s)
- Uploading...
- Uploading assetmap.json (0 / 10.3 KB)
✔ Uploaded assetmap.json 
√ Uploaded 1 app bundle
√ Uploading assets skipped - no new assets found
i 31 Android assets (maximum: 2000 total per update). Learn more about asset limits: https://expo.fyi/eas-update-asset-limits
- Computing project fingerprints
✔ Computed project fingerprints
- Publishing...
✔ Published!
Branch             production
Runtime version    ae526937893adb7f7349321b05caf2732da9658b
Platform           android
Update group ID    6367ec57-0cc5-46fd-9ac8-d9ea5b6da168
Android update ID  01a04b79-6631-7b8e-ac69-2a97cbbf3102
Message            Fasting editor: type the time instead of nudging it; a running fast is no longer blocked by an overlap
Commit             89aca1546b5e5fe5eb10fe2efe9d473fbfb8c791*
EAS Dashboard      https://expo.dev/accounts/gabandres/projects/macro-log/updates/6367ec57-0cc5-46fd-9ac8-d9ea5b6da168

